map $request_uri $new_uri {
    default "";
    "~*^/EN/faq/(.+)$"  /en/faq;
    "~*^/faq/(.+)$"     /faq;
    "~*^/EN/news/(.+)$" /en/about-us/who-we-are;
    "~*^/news/(.+)$"    /tentang-kami/siapa-kami;
/index  /;
/en     /;
/en/     /;
/en/$     /;
/en/$/$     /;
/en/index       /;
/trade-with-us       /;
~^/EN/Web-Trader5$    /en/trading-platforms/mt5-web-trader;
~^/Web-Trader5$    /en/trading-platform/mt5-web-trader;
~^/EN/$    /;
~^/EN$    /;
~^/en$    /;
~^/en/    /;
~^/en/$    /;
~^/en/$/$    /;
~^/EN/Whats-fx$    /en/trading-instruments/forex/;
~^/EN/whats-fx$    /en/trading-instruments/forex/;
~^/EN/Videos/forex-for-beginners$    /en/;
~^/EN/Videos/how-to-do$    /en/;
~^/EN/Videos/mt5-videos$    /en/;
~^/EN/Videos/myfx$    /en/;
~^/EN/Metatrader-Booster-Package$    /en/trading-platforms/mt5-booster/;
~^/EN/TradingProducts$    /en/trading-instruments/;
~^/EN/Videos/weekly-analysis$    /en/week-ahead/;
~^/EN/mis$    /en/;
~^/Register/AkunDemo$    /buka-akun-trading-demo;
~^/Videos/forex-for-beginners$    /;
~^/Videos/mt5-videos$    /;
~^/Videos/weekly-analysis$    /en/about-us/who-we-are;
~^/EN/videos/myfx/gkinvest-your-global-trading-partner$    /en/;
~^/Register/DemoAccount$    /buka-akun-trading-demo;
~^/Videos/how-to-do$    /;
~^/Videos/myfx$    /;
~^/akun-demo$    /buka-akun-trading-demo;
~^/en/Metatrader-Booster-Package$    /en/trading-platforms/mt5-booster/;
~^/en/TradingProducts$    /en/about-us/who-we-are;
~^/en/mis$    /en/;
~^/videos/myfx/gkinvest-your-global-trading-partner$    /;
~^http://www.gkinvest.co.id/VPS$    /trading-platform/vps/;
~^/Autochartist$    /trading-platform/autochartist/;
~^/EN/Autochartist$    /en/trading-platforms/autochartist/;
~^/EN/Register/AkunDemo$    /en/open-demo-account/;
~^/EN/akun-demo$    /en/open-demo-account/;
~^/AccountTypes$    /trading/tipe-akun-trading;
~^/EN/kalkulator$    /en/trading-platforms/calculator/;
~^/CFD-Single-Stock$    /trading-produk/saham/;
~^/EN/?ref=cs$    /en/;
~^/contoh-trading-forex$    /trading-produk/forex/;
~^/indeks-trading$    /trading-produk/index/;
~^/TradingProducts$    /trading-produk;
~^/kalkulator$    /trading-platform/kalkulator/;
~^/apa-itu-trading-forex$    /trading-produk/forex/;
~^/komoditi-berjangka$    /trading-produk/komoditas/;
~^/en/VPS$    /en/trading-platforms/vps/;
~^/kenapa-trading-forex$    /trading-produk/forex/;
~^/oil$    /trading-produk/komoditas/;
~^/Metatrader-Booster-Package$    /trading-platform/mt5-booster/;
~^/Register/AkunDemo$    /buka-akun-trading-demo;
~^/EN/AccountTypes$    /en/trading/account-types/;
~^/EN/CFD-Single-Stock$    /trading-produk/saham/;
~^/EN/ContactUs$    /en/about-us/contact-us/;
~^/EN/Ebook-trading$    /en/;
~^/EN/Payment-Methods$    /en/trading/deposit-and-withdrawal/;
~^/ContactUs$    /tentang-kami/kontak-kami/;
~^/EN/Pengaduan$    /en/;
~^/EN/Cookies$    /en/;
~^/EN/PrivacyPolicy$    /en/about-us/legal-documents;
~^/EN/Indices$    /en/trading-instruments/indices/;
~^/EN/Register/LiveAccount$    /en/open-live-account/;
~^/EN/Register/spa$    /en/open-live-account/;
~^/EN/Register/multilateral$    /en/open-live-account/;
~^/EN/RiskWarning$    /en/;
~^/EN/TermsofBusiness$    /en/about-us/legal-documents;
~^/EN/cara-menempatkan-order-di-MT5$    /en/trading-platforms/metatrader-5/;
~^/EN/TradingCentral$    /en/trading-platforms/trading-central/;
~^/EN/commodities-example$    /en/trading-instruments/commodities/;
~^/EN/Videos$    /en/;
~^/EN/economiccalendarinfo$    /en/research/economic-calendar/;
~^/EN/Webinar$    /en/;
~^/EN/economicindicators$    /en/research/economic-calendar/;
~^/EN/akun-fx-precious-metal$    /en/trading/account-types/;
~^/EN/forex-example$    /en/trading-instruments/forex/;
~^/EN/economiccalendar$    /en/research/economic-calendar/;
~^/EN/komoditi-berjangka$    /en/trading-instruments/commodities/;
~^/EN/forex-tutorial-umum$    /en/trading-instruments/forex/;
~^/EN/oil$    /en/trading-instruments/commodities/;
~^/EN/metals$    /en/trading-instruments/precious-metals/;
~^/EN/videos/mt5-videos/how-to-install-metatrader-and-create-a-demo-account$    /en/;
~^/EN/videos/forex-for-beginners/mt5-featured-features$    /en/;
~^/EN/why-trade-fx$    /en/trading-instruments/forex/;
~^/EN/what-is-the-bid-offer-fx$    /en/trading-instruments/forex/;
~^/Payment-Methods$    /trading/deposit-dan-withdrawal/;
~^/PrivacyPolicy$    /tentang-kami/dokumen-legal/;
~^/Pengaduan$    /pengaduan;
~^/Register/spa$    /buka-akun-trading;
~^/Register/LiveAccount$    /buka-akun-trading;
~^/Videos$    /;
~^/Register/multilateral$    /buka-akun-trading;
~^/akun-fx-precious-metal$    /trading/tipe-akun-trading;
~^/RiskWarning$    /;
~^/analisa-forex-trading-central$    /trading-platform/trading-central/;
~^/TermsofBusiness$    /tentang-kami/dokumen-legal/;
~^/apa-itu-bid-offer-trading-forex$    /trading-produk/forex/;
~^/edukasi-forex$    /trading-produk/forex/;
~^/belajar-trading-ebook$    /;
~^/en/Register/DemoAccount$    /en/open-demo-account/;
~^/cara-menempatkan-order-di-MT5$    /trading-platform/metatrader-5/;
~^/kalender-ekonomi$    /riset/kalender-ekonomi/;
~^/economic-calendar$    /riset/kalender-ekonomi/;
~^/economiccalendar$    /riset/kalender-ekonomi/;
~^/economiccalendarinfo$    /riset/kalender-ekonomi/;
~^/mis$    /;
~^/en/Register/AkunDemo$    /en/open-demo-account/;
~^/forex-tutorial-umum$    /trading-produk/forex/;
~^/videos/forex-for-beginners/fitur-unggulan-mt5$    /;
~^/fx-tutorial$    /trading-produk/forex/;
~^/videos/forex-for-beginners/webinar-kupas-tuntas-trading-central-gkinvest$    /;
~^/tutorial-trading-forex$    /trading-produk/forex/;
~^/videos/mt5-videos/cara-installasi-metatrader-dan-membuat-akun-demo$    /;
~^/whats-fx$    /trading-produk/forex/;
~^/Regulations$    /trading/broker-teregulasi-bappebti;
~^/Platforms$    /trading-platform/;
~^/MT5$    /trading-platform/metatrader-5/;
~^/Videos$    /;
~^/about-us$    /tentang-kami/;
~^/PressRoom$    /tentang-kami/siapa-kami;
~^/Careers$    /tentang-kami/sumber-daya-manusia/;
~^/Locations$    /tentang-kami/kontak-kami/;
~^/belajar-trading-forex$    /trading-produk/forex/;
~^/VideoDetail$    /;
~^/Search$    /;
~^/MetaTrader-5-WebTrader$    /en/trading-platform/mt5-web-trader;
~^/mobile-trading$    /trading-platform/;
~^/Multiterminal$    /trading-platform/;
~^/tablet-trading$    /trading-platform/;
~^/company-profile$    /tentang-kami/siapa-kami/;
~^/D-SP$    /;
~^/gratis-edukasi$    /;
~^/GlobalPresence$    /;
~^/kenapa-trading-forex-di-gkinvest$    /trading-produk/forex/;
~^/visi-misi-gkinvest$    /tentang-kami/penilaian-kami/;
~^/kemitraan-afiliasi-trading$    /kemitraan/menjadi-afiliasi/;
~^/SegregatedFunds$    /;
~^/riset-tool-trading$    /;
~^/LiveSquawk$    /;
~^/MarketInsightInfo$    /;
~^/MyFX$    /sca/account/login;
~^/Strategy-Builder$    /;
~^/Sitemap$    /;
~^/Help$    /tentang-kami/kontak-kami/;
~^/tradeworks-thankyou-v1$    /;
~^/tradeworks-thankyou-v2$    /;
~^/TradingAccounts$    /trading/tipe-akun-trading;
~^/akun-gulir-index-oil$    /trading/tipe-akun-trading;
~^/akun-index$    /trading/tipe-akun-trading;
~^/Equities$    /trading-produk/saham/;
~^/contoh-trading-komoditi$    /trading-produk/komoditas/;
~^/metals$    /trading-produk/logam/;
~^/micro-account$    /trading/tipe-akun-trading;
~^/trading-oil$    /trading-produk/komoditas/;
~^/spread-betting-account$    /trading/tipe-akun-trading;
~^/standard-variable-account$    /trading/tipe-akun-trading;
~^/EN/Edukasi$    /en/;
~^/EN/education-glossary$    /en/;
~^/EN/VideoDetail$    /en/;
~^/EN/Search$    /en/;
~^/EN/Platforms$    /en/trading-platforms/;
~^/EN/404$    /en/404;
~^/EN/MT5$    /en/trading-platforms/metatrader-5/;
~^/EN/mam-accounts$    /en/trading-platforms/;
~^/EN/MetaTrader-5-WebTrader$    /en/trading-platforms/mt5-web-trader;
~^/EN/wtrader$    /en/trading-platforms/mt5-web-trader;
~^/EN/CompanyProfile$    /en/about-us/;

~^/EN/GlobalPresence$    /en/about-us/who-we-are/;
~^/EN/Careers$    /en/about-us/human-resources/;
~^/EN/D-SP$    /en/;
~^/EN/FreeEducation$    /en/;
~^/EN/Locations$    /en/about-us/contact-us/;
~^/EN/MissionVision$    /en/about-us/our-values/;
~^/EN/Partnership$    /en/partnership/;
~^/EN/PressRoom$    /en/about-us/who-we-are;
~^/EN/PressRoomDetail$    /en/about-us/who-we-are;
~^/EN/WideRangeofTradingProducts$    /en/trading-instruments/;
~^/EN/Regulations$    /en/about-us/our-licenses/;
~^/EN/SegregatedFunds$    /en/;
~^/EN/social-responsibility$    /en/;
~^/EN/Sponsorship$    /en/about-us/;
~^/EN/WhyGKINVEST$    /en/about-us/;
~^/EN/AboutUs$    /en/about-us/;
~^/EN/Awards$    /en/about-us/;
~^/EN/research-and-tools$    /en/;
~^/EN/Autochartist$    /en/trading-platforms/autochartist/;
~^/EN/MyFX$    /en/sca/account/login;
~^/EN/Strategy-Builder$    /en/;
~^/EN/Tradeworks$    /en/trading-platforms/;
~^/EN/sitemap$    /en/;
~^/EN/tradeworks-thankyou-v1$    /en/;
~^/EN/tradeworks-thankyou-v2$    /en/;
~^/EN/TradingAccounts$    /en/trading/account-types/;
~^/EN/akun-gulir-index-oil$    /en/trading/account-types/;
~^/EN/dividends$    /en/trading-instruments/stocks/;
~^/EN/why-equities$    /en/trading-instruments/stocks/;
~^/EN/equities$    /en/trading-instruments/stocks/;
~^/EN/whats-equities$    /en/trading-instruments/stocks/;
~^/EN/why-trade-equity-cfds$    /en/trading-instruments/stocks/;
~^/EN/instituonal-account$    /en/trading/account-types/;
~^/EN/micro-account$    /en/trading/account-types/;
~^/EN/micro-variable-account$    /en/trading/account-types/;
~^/EN/spread-betting-account$    /en/trading/account-types/;
~^/EN/standard-variable-account$    /en/trading/account-types/;
~^/EN/sw-free-standart-account$    /en/trading/account-types/;
~^/EN/Swap-Rates$    /en/;
~^/EN/ProductsTermsofBusiness$    /en/about-us/legal-documents;
~^/EN/auto-trading-account$    /en/trading/account-types/;
~^/trading/leverage$    /trading/kewajiban-margin;
~^/trading/lowest-stop-out-level$    /trading/leverage-dan-stop-out;
~^/trading/swap-free-broker$    /trading/swap-free-program;
~^/trading/extra-swap-free$    /trading/swap-free-program;
~^/program/komisi-kembali-program$    /program/rebate-dan-komisi-kembali;
~^/trading/program-akun-rebate$    /program/rebate-dan-komisi-kembali;
~^/program/kontes-trading/?$    /;
~^/trading-produk/forex/?$    /;
~^/trading-produk/komoditas/?$    /;
~^/tentang-kami/sumber-daya-manusia/?$    /;
~^/program/program-reward/?$    /program;
~^/program/trive-festival/?$    /program;
~^/EN/akun-index$    /en/trading/account-types/;
}

map $request_uri $template_html {
    default "none";
"~^(/en/|/zu/|/)404(/)?$"      404.html;
"~^(/en/|/zu/|/)campaigns/trive-festival(.*)?$"      trive-festival.html;
"~^(/en/|/zu/|/)campaigns/your-first-trade-is-on-us(.*)?$"      campaing.html;
"~^(/en/|/zu/|/)campaigns/commision-back-program(.*)?$"      campaing.html;
"~^(/en/|/zu/|/)campaigns/loyalty-programs(.*)?$"      loyalty-programs.html;
"~^(/en/|/zu/|/)campaigns/refer-a-friend(.*)?$"      refer-a-friend.html;
"~^(/en/|/zu/|/)campaigns/reward-programs(.*)?$"      reward-programs.html;
"~^(/en/|/zu/|/)campaigns/trade-with-rebate(.*)?$"      trade-with-rebate.html;
"~^(/en/|/zu/|/)campaigns/trading-contests(.*)?$"      trading-contests.html;
"~^(/en/|/zu/|/)campaigns(.*)?$"       campaigns.html;
"~^(/en/|/zu/|/)contact-us(.*)?$"      contact-us.html;
"~^(/en/|/zu/|/)kontak-kami(.*)?$"      contact-us.html;
"~^(/en/|/zu/|/)faq(.*)?$"      faq.html;
"~^(/en/|/zu/|/)index(.*)?$"      index.html;
"~^(/en/|/zu/|/)kemitraan/partners-portal(.*)?$"      partners-portal.html;
"~^(/en/|/zu/|/)kemitraan/support-package(.*)?$"      support-package.html;
"~^(/en/|/zu/|/)kemitraan(.*)?$"       partnership.html;
"~^(/en/|/zu/|/)partnership/partners-portal(.*)?$"      partners-portal.html;
"~^(/en/|/zu/|/)partnership/partner-reward-program(.*)?$"      cms.html;
"~^(/en/|/zu/|/)partnership/partner-lucky-draw-program(.*)?$"      cms.html;
"~^(/en/|/zu/|/)partnership/support-package(.*)?$"      support-package.html;
"~^(/en/|/zu/|/)partnership(.*)?$"      partnership.html;
"~^(/en/|/zu/|/)program/your-first-trade-is-on-us(.*)?$"      cms.html;
"~^(/en/|/zu/|/)program/komisi-kembali-program(.*)?$"      cms.html;
"~^(/en/|/zu/|/)program/rebate-dan-komisi-kembali(.*)?$"      cms.html;
"~^(/en/|/zu/|/)program/komisi-kembali-dengan-manajemen-risiko(.*)?$"      cms.html;
"~^(/en/|/zu/|/)program/trading-arena-run-for-gold(.*)?$"      cms.html;
"~^(/en/|/zu/|/)program/trive-invest-trading-arena(.*)?$"      cms.html;
"~^(/en/|/zu/|/)program/trading-arena-lucky-draw(.*)?$"      cms.html;
"~^(/en/|/zu/|/)program/ti-trading-arena(.*)?$"      cms.html;
"~^(/en/|/zu/|/)program/trive-festival(.*)?$"      trive-festival.html;
"~^(/en/|/zu/|/)program/ajak-teman(.*)?$"      refer-a-friend.html;
"~^(/en/|/zu/|/)program/kontes-trading(.*)?$"      trading-contests.html;
"~^(/en/|/zu/|/)program/program-loyalti(.*)?$"      loyalty-programs.html;
"~^(/en/|/zu/|/)program/program-reward(.*)?$"      reward-programs.html;
"~^(/en/|/zu/|/)program/trade-dengan-rebate(.*)?$"      trade-with-rebate.html;
"~^(/en/|/zu/|/)program(.*)?$"      campaigns.html;
"~^(/en/|/zu/|/)research(.*)?$"      partnership.html;
"~^(/en/|/zu/|/)riset(.*)?$"      partnership.html;
"~^(/en/|/zu/|/)tentang-kami/siapa-kami(.*)?$"      partnership.html;
"~^(/en/|/zu/|/)trading/customer-success-team(.*)?$"      partnership.html;
"~^(/en/|/zu/|/)trading/swap-free-program(.*)?$"      swap-free-program.html;
"~^(/en/|/zu/|/)trading-platform/swap-calculator(.*)?$"      swap-free-program.html;
"~^(/en/|/zu/|/)thank_you2(.*)?$"      thank_you2.html;
"~^(/en/|/zu/|/)thanks-campaign(.*)?$"      thanks-campaign.html;
"~^(/en/|/zu/|/)terimakasih(.*)?$"      thanks-campaign.html;
"~^(/en/|/zu/|/)thanks-partnership(.*)?$"      thanks-partnership.html;
"~^(/en/|/zu/|/)trading-instruments/commodities(.*)?$"      commodities.html;
"~^(/en/|/zu/|/)trading-instruments/forex(.*)?$"      forex.html;
"~^(/en/|/zu/|/)trading-instruments/indices(.*)?$"      indices.html;
"~^(/en/|/zu/|/)trading-instruments/precious-metals(.*)?$"      metals.html;
"~^(/en/|/zu/|/)trading-instruments/stocks(.*)?$"      stocks.html;
"~^(/en/|/zu/|/)trading-instruments(.*)?$"       products.html;
"~^(/en/|/zu/|/)trading-platforms/calculator(.*)?$"      cms.html;
"~^(/en/|/zu/|/)trading-platforms/metatrader-5(.*)?$"      cms.html;
"~^(/en/|/zu/|/)trading-platforms/mt5-web-trader(.*)?$"      web-trader.html;
"~^(/en/|/zu/|/)trading-platforms(.*)?$"      platforms.html;
"~^(/en/|/zu/|/)trading-platform/mt5-web-trader(.*)?$"      web-trader.html;
"~^(/en/|/zu/|/)trading-platform/metatrader-5(.*)?$"      cms.html;
"~^(/en/|/zu/|/)trading-platform/kalkulator(.*)?$"      cms.html;
"~^(/en/|/zu/|/)trading-platform(.*)?$"        platforms.html;
"~^(/en/|/zu/|/)trading-produk/forex(.*)?$"      forex.html;
"~^(/en/|/zu/|/)trading-produk/index(.*)?$"      indices.html;
"~^(/en/|/zu/|/)trading-produk/komoditas(.*)?$"      commodities.html;
"~^(/en/|/zu/|/)trading-produk/logam(.*)?$"      metals.html;
"~^(/en/|/zu/|/)trading-produk/saham(.*)?$"      stocks.html;
"~^(/en/|/zu/|/)trading-produk(.*)?$"      products.html;
"~^(/en/|/zu/|/)thank-you-demo(.*)?$"      thank_you_account.html;
"~^(/en/|/zu/|/)thank-you-live(.*)?$"      thank_you_account.html;
"~^(/en/|/zu/|/)landing/trade-gold(.*)?$"      landingfull.html;
"~^(/en/|/zu/|/)landing/thankyou(.*)?$"      cms.html;
"~^(/en/|/zu/|/)landing/move-your-account(.*)?$"      landingfull.html;
"~^(/en/|/zu/|/)landing/move-your-account-to-trive-invest(.*)?$"      landingfull.html;
"~^(/en/|/zu/|/)landing(.*)?$"      landing.html;
}
